
> gestio-escolar-nodejs@1.0.0 start
> node server.js

Executing (default): SELECT 1+1 AS result
✅ Connexió a la base de dades establerta
🔄 Sincronitzant base de dades...
Executing (default): SELECT name FROM sqlite_master WHERE type='table' AND name='tenants';
Executing (default): PRAGMA INDEX_LIST(`tenants`)
Executing (default): PRAGMA INDEX_INFO(`sqlite_autoindex_tenants_1`)
Executing (default): PRAGMA INDEX_INFO(`sqlite_autoindex_tenants_2`)
Executing (default): PRAGMA INDEX_INFO(`sqlite_autoindex_tenants_3`)
Executing (default): PRAGMA INDEX_INFO(`tenants_slug`)
Executing (default): PRAGMA INDEX_INFO(`tenants_domain`)
Executing (default): PRAGMA INDEX_INFO(`tenants_status`)
Executing (default): SELECT name FROM sqlite_master WHERE type='table' AND name='users';
Executing (default): PRAGMA INDEX_LIST(`users`)
Executing (default): PRAGMA INDEX_INFO(`sqlite_autoindex_users_1`)
Executing (default): PRAGMA INDEX_INFO(`unique_email_per_tenant`)
Executing (default): PRAGMA INDEX_INFO(`users_tenant_id`)
Executing (default): PRAGMA INDEX_INFO(`users_role`)
Executing (default): PRAGMA INDEX_INFO(`users_active`)
Executing (default): SELECT name FROM sqlite_master WHERE type='table' AND name='students';
Executing (default): PRAGMA INDEX_LIST(`students`)
Executing (default): PRAGMA INDEX_INFO(`sqlite_autoindex_students_1`)
Executing (default): PRAGMA INDEX_INFO(`sqlite_autoindex_students_2`)
Executing (default): PRAGMA INDEX_INFO(`students_tenant_id`)
Executing (default): PRAGMA INDEX_INFO(`students_class_group`)
Executing (default): PRAGMA INDEX_INFO(`students_status`)
Executing (default): PRAGMA INDEX_INFO(`students_academic_year`)
Executing (default): PRAGMA INDEX_INFO(`students_student_code`)
Executing (default): SELECT name FROM sqlite_master WHERE type='table' AND name='student_family';
Executing (default): PRAGMA INDEX_LIST(`student_family`)
Executing (default): PRAGMA INDEX_INFO(`sqlite_autoindex_student_family_1`)
Executing (default): PRAGMA INDEX_INFO(`sqlite_autoindex_student_family_2`)
Executing (default): PRAGMA INDEX_INFO(`unique_student_family`)
Executing (default): PRAGMA INDEX_INFO(`student_family_student_id`)
Executing (default): PRAGMA INDEX_INFO(`student_family_user_id`)
Executing (default): PRAGMA INDEX_INFO(`student_family_is_primary_contact`)
Executing (default): SELECT name FROM sqlite_master WHERE type='table' AND name='persones_autoritzades';
Executing (default): PRAGMA INDEX_LIST(`persones_autoritzades`)
Executing (default): PRAGMA INDEX_INFO(`sqlite_autoindex_persones_autoritzades_1`)
Executing (default): PRAGMA INDEX_INFO(`sqlite_autoindex_persones_autoritzades_2`)
Executing (default): PRAGMA INDEX_INFO(`persones_autoritzades_student_id`)
Executing (default): PRAGMA INDEX_INFO(`persones_autoritzades_tenant_id`)
Executing (default): PRAGMA INDEX_INFO(`persones_autoritzades_dni_nie_tenant_id`)
Executing (default): PRAGMA INDEX_INFO(`persones_autoritzades_telefon_principal`)
Executing (default): PRAGMA INDEX_INFO(`persones_autoritzades_prioritat_contacte`)
Executing (default): PRAGMA INDEX_INFO(`persones_autoritzades_autoritzat_recollir`)
Executing (default): SELECT name FROM sqlite_master WHERE type='table' AND name='student_documents';
Executing (default): PRAGMA INDEX_LIST(`student_documents`)
Executing (default): PRAGMA INDEX_INFO(`sqlite_autoindex_student_documents_1`)
Executing (default): PRAGMA INDEX_INFO(`student_documents_student_id`)
Executing (default): PRAGMA INDEX_INFO(`student_documents_tenant_id`)
Executing (default): PRAGMA INDEX_INFO(`student_documents_tipus_document`)
Executing (default): PRAGMA INDEX_INFO(`student_documents_estat_verificacio`)
Executing (default): PRAGMA INDEX_INFO(`student_documents_data_caducitat`)
Executing (default): PRAGMA INDEX_INFO(`student_documents_hash_fitxer`)
Executing (default): PRAGMA INDEX_INFO(`student_documents_uploaded_by`)
Executing (default): PRAGMA INDEX_INFO(`student_documents_visible_familia`)
Executing (default): SELECT name FROM sqlite_master WHERE type='table' AND name='student_medical';
Executing (default): PRAGMA INDEX_LIST(`student_medical`)
Executing (default): PRAGMA INDEX_INFO(`sqlite_autoindex_student_medical_1`)
Executing (default): PRAGMA INDEX_INFO(`sqlite_autoindex_student_medical_2`)
Executing (default): PRAGMA INDEX_INFO(`student_medical_student_id`)
Executing (default): PRAGMA INDEX_INFO(`student_medical_tenant_id`)
Executing (default): PRAGMA INDEX_INFO(`student_medical_te_allergies`)
Executing (default): PRAGMA INDEX_INFO(`student_medical_pren_medicacio_habitual`)
Executing (default): PRAGMA INDEX_INFO(`student_medical_dieta_especial`)
Executing (default): PRAGMA INDEX_INFO(`student_medical_darrera_revisio_medica`)
✅ Base de dades sincronitzada correctament
✅ Models de base de dades sincronitzats
🚀 ========================================
🏫 SISTEMA GESTIÓ ESCOLAR - NODE.JS
🚀 ========================================
✅ API listening on 3000
🌐 URL: http://localhost:3000
🏥 Health: http://localhost:3000/health
📡 API: http://localhost:3000/api
🔌 Socket.IO: Actiu i funcionant
📊 Environment: development
💾 Database: SQLite
🚀 ========================================
💡 Mode desenvolupament activat
💡 Frontend esperant a: http://localhost:5173
📝 REGISTER FAMILIA REQUEST: {
  name: 'Test Final Backup',
  dni: '99999999Z',
  school: 'escola-europa',
  email: 'testfinal@backup.com',
  password: '[HIDDEN]',
  phone: '600123456',
  tenant_slug: 'escola-demo'
}
Executing (default): SELECT `id`, `name`, `slug`, `domain`, `settings`, `status`, `subscription_plan`, `max_students`, `created_at`, `updated_at` FROM `tenants` AS `Tenant` WHERE `Tenant`.`slug` = 'escola-demo' AND `Tenant`.`status` = 'active';
🏢 TENANT TROBAT: Escola Europa Demo
Executing (default): SELECT `id`, `tenant_id`, `name`, `email`, `password`, `role`, `active`, `last_login`, `phone`, `dni`, `school`, `iban`, `profile_data`, `created_at`, `updated_at` FROM `users` AS `User` WHERE `User`.`email` = 'testfinal@backup.com' AND `User`.`tenant_id` = '4db30fb8-5aec-4b97-85f9-3a7b415d2acc' LIMIT 1;
Executing (default): SELECT `id`, `tenant_id`, `name`, `email`, `password`, `role`, `active`, `last_login`, `phone`, `dni`, `school`, `iban`, `profile_data`, `created_at`, `updated_at` FROM `users` AS `User` WHERE `User`.`dni` = '99999999Z' AND `User`.`tenant_id` = '4db30fb8-5aec-4b97-85f9-3a7b415d2acc' LIMIT 1;
🔐 PASSWORD HASHEAT AUTOMÀTICAMENT PER SEQUELIZE
Executing (default): INSERT INTO `users` (`id`,`tenant_id`,`name`,`email`,`password`,`role`,`active`,`phone`,`dni`,`school`,`iban`,`profile_data`,`created_at`,`updated_at`) VALUES ($1,$2,$3,$4,$5,$6,$7,$8,$9,$10,$11,$12,$13,$14);
✅ FAMÍLIA REGISTRADA: testfinal@backup.com
[0mPOST /api/auth/register-familia [32m201[0m 388.111 ms - 325[0m
🔐 LOGIN ATTEMPT: {
  email: 'testfinal@backup.com',
  tenant_slug: 'escola-demo',
  tenantSlugFromHeader: undefined,
  body: {
    email: 'testfinal@backup.com',
    password: 'password123',
    tenant_slug: 'escola-demo'
  },
  headers: {
    host: 'localhost:3000',
    'user-agent': 'curl/8.7.1',
    accept: '*/*',
    'content-type': 'application/json',
    'content-length': '106'
  }
}
🏢 TENANT SLUG A USAR: escola-demo
Executing (default): SELECT `id`, `name`, `slug`, `domain`, `settings`, `status`, `subscription_plan`, `max_students`, `created_at`, `updated_at` FROM `tenants` AS `Tenant` WHERE `Tenant`.`slug` LIKE 'escola-demo' AND `Tenant`.`status` = 'active' LIMIT 1;
🏢 TENANT TROBAT: Escola Europa Demo
Executing (default): SELECT `User`.`id`, `User`.`tenant_id`, `User`.`name`, `User`.`email`, `User`.`password`, `User`.`role`, `User`.`active`, `User`.`last_login`, `User`.`phone`, `User`.`dni`, `User`.`school`, `User`.`iban`, `User`.`profile_data`, `User`.`created_at`, `User`.`updated_at`, `tenant`.`id` AS `tenant.id`, `tenant`.`name` AS `tenant.name`, `tenant`.`slug` AS `tenant.slug`, `tenant`.`domain` AS `tenant.domain`, `tenant`.`settings` AS `tenant.settings`, `tenant`.`status` AS `tenant.status`, `tenant`.`subscription_plan` AS `tenant.subscription_plan`, `tenant`.`max_students` AS `tenant.max_students`, `tenant`.`created_at` AS `tenant.created_at`, `tenant`.`updated_at` AS `tenant.updated_at` FROM `users` AS `User` INNER JOIN `tenants` AS `tenant` ON `User`.`tenant_id` = `tenant`.`id` AND `tenant`.`status` = 'active' AND `tenant`.`slug` LIKE 'escola-demo' WHERE `User`.`email` = 'testfinal@backup.com' AND `User`.`active` = 1 LIMIT 1;
👤 USUARI TROBAT: Test Final Backup
🔑 LOGIN - PASSWORD VÀLID: true
✅ LOGIN EXITÓS: testfinal@backup.com
[0mPOST /api/auth/login [32m200[0m 301.258 ms - 684[0m
🛑 SIGTERM rebut, tancant servidor...
✅ Servidor tancat correctament
